// Jest Snapshot v1, https://goo.gl/fbAQLP

exports[`NoteList should render loading 1`] = `
<div>
  Loading...
</div>
`;
